// Jest Snapshot v1, https://goo.gl/fbAQLP

exports[`should render Header correctly 1`] = `
<header>
  <nav
    className="topnav"
    id="myTopnav"
  >
    <div
      className="left-nav"
    >
      <Link
        className="brand"
        replace={false}
        to="/"
      >
        Fast Food Fast
      </Link>
    </div>
    <div
      className="right-nav"
    >
      <NavLink
        activeClassName="active"
        aria-current="page"
        className=""
        to="/users/foods"
      >
        Foods Menu
      </NavLink>
      <NavLink
        activeClassName="active"
        aria-current="page"
        to="#about"
      >
        About Us
      </NavLink>
      <NavLink
        activeClassName="active"
        aria-current="page"
        to="#contact"
      >
        Contact Us
      </NavLink>
      <NavLink
        activeClassName="active"
        aria-current="page"
        className=""
        to="/signin"
      >
        Signin
      </NavLink>
      <NavLink
        activeClassName="active"
        aria-current="page"
        to="/signup"
      >
        Signup
      </NavLink>
      <NavLink
        activeClassName="active"
        aria-current="page"
        className="btn btn-green"
        to="/users/my-cart"
      >
        My Cart
        <i
          className="fa fa-shopping-cart"
        />
         
        <span
          className="count cart-count"
        >
          0
        </span>
      </NavLink>
      <a
        className="icon"
        href="javascript:void(0);"
      >
        â˜°
      </a>
    </div>
  </nav>
</header>
`;
