// Jest Snapshot v1, https://goo.gl/fbAQLP

exports[`should render Header correctly 1`] = `
<div>
  <Connect(CartSlider1) />
  <footer
    className="footer text-center"
  >
    <div>
      Fast Food Fast. Â© All Rights Reserved
    </div>
  </footer>
</div>
`;
