// Jest Snapshot v1, https://goo.gl/fbAQLP

exports[`should render LoadingSpinner correctly 1`] = `
<section
  className="m-t-40 text-center"
>
  <h2
    className="setup-page hide t-40"
  >
    Loading...
    <i
      className="fa fa-spin fa-spinner"
    />
  </h2>
</section>
`;
