// Jest Snapshot v1, https://goo.gl/fbAQLP

exports[`rendering should render the component 1`] = `
<div
  className="container"
>
  <div
    className="text-center contain-50"
  >
    <div
      className="card card-shadow text-inverse"
    >
      <h2>
        Create An Account To Get Started
      </h2>
      <p>
        It only takes a few seconds to signup, Lets get started!
      </p>
      <form
        className="form-data contain"
        onSubmit={[Function]}
      >
        <div
          className="form-member text-left"
        >
          <span>
            Email
          </span>
          <input
            className="form-input email"
            name="email"
            onChange={[Function]}
            placeholder="Enter Your Email"
            type="email"
            value=""
          />
          <Errors
            errors={Array []}
            name="email"
          />
        </div>
        <div
          className="form-member text-left"
        >
          <span>
            Password
          </span>
          <input
            className="form-input password"
            name="password"
            onChange={[Function]}
            placeholder="Enter your password"
            type="password"
            value=""
          />
          <Errors
            errors={Array []}
            name="password"
          />
        </div>
        <div
          className="form-member text-left"
        >
          <span>
            Repeat Password
          </span>
          <input
            className="form-input passwordConfirmation"
            name="passwordConfirmation"
            onChange={[Function]}
            placeholder="Repeat your password"
            type="password"
            value=""
          />
          <Errors
            errors={Array []}
            name="passwordConfirmation"
          />
        </div>
        <div
          className="form-member text-left"
        >
          <span>
            Fullname
          </span>
          <input
            className="form-input fullname"
            name="fullname"
            onChange={[Function]}
            placeholder="Enter Your Full Name"
            type="text"
            value=""
          />
          <Errors
            errors={Array []}
            name="fullname"
          />
        </div>
        <div
          className="form-member text-left"
        >
          <span>
            Mobile
          </span>
          <input
            className="form-input mobile"
            name="mobile"
            onChange={[Function]}
            placeholder="Enter Your Mobile"
            type="tel"
            value=""
          />
          <Errors
            errors={Array []}
            name="mobile"
          />
        </div>
        <div
          className="form-member text-left"
        >
          <span>
            Address
          </span>
          <input
            className="form-input address"
            name="address"
            onChange={[Function]}
            placeholder="Enter Your Home Address"
            type="text"
            value=""
          />
          <Errors
            errors={Array []}
            name="address"
          />
        </div>
        <div
          className="form-member"
        >
          <div
            className="response-area"
          >
            <MainError
              errors={Array []}
            />
          </div>
          <div
            className="loader hide"
          >
            <i
              className="fa fa-spinner fa-spin"
            />
          </div>
          <button
            className="btn btn-blue btn-block signup"
            name="signup"
            type="submit"
          >
            Signup
          </button>
        </div>
        <p>
          Already have an account?
          <Link
            className="link"
            replace={false}
            to="/signin"
          >
            Signin Instead
          </Link>
        </p>
      </form>
      <p>
        Go back home
        <Link
          className="link"
          replace={false}
          to="/"
        >
          Home
        </Link>
      </p>
    </div>
  </div>
</div>
`;
